../Core/Src/uart.c:15:6:uart_init_rs232	8	static
../Core/Src/uart.c:19:6:uart_Rs232SendString	16	static
../Core/Src/uart.c:23:6:uart_Rs232SendBytes	16	static
../Core/Src/uart.c:27:6:uart_Rs232SendNum	24	static
../Core/Src/uart.c:52:6:uart_Rs232SendNumPercent	16	static
../Core/Src/uart.c:62:6:uart_init_esp	8	static
../Core/Src/uart.c:67:6:uart_EspSendBytes	16	static
../Core/Src/uart.c:70:6:uart_EspSendString	16	static
../Core/Src/uart.c:73:6:uart_EspSendNumersPercent	16	static
../Core/Src/uart.c:82:6:HAL_UART_RxCpltCallback	16	static
../Core/Src/uart.c:100:9:uart_EspCheck	4	static
